// Jest Snapshot v1, https://goo.gl/fbAQLP

exports[`Initiated Action matches the snapshot 1`] = `
<div
  className="action"
  onClick={[Function]}
/>
`;
