// Jest Snapshot v1, https://goo.gl/fbAQLP

exports[`Initiated Wishlist matches the snapshot 1`] = `
<div
  className="wishlist-products"
>
  <h3>
    WishList
  </h3>
  <ul
    className="wishlist-products-list"
  />
</div>
`;
